// Jest Snapshot v1, https://goo.gl/fbAQLP

exports[`renders correctly 1`] = `
<div
  className="MuiPaper-root MuiCard-root media-card MuiPaper-elevation1 MuiPaper-rounded"
>
  <button
    className="MuiButtonBase-root MuiCardActionArea-root"
    disabled={false}
    onBlur={[Function]}
    onDragLeave={[Function]}
    onFocus={[Function]}
    onKeyDown={[Function]}
    onKeyUp={[Function]}
    onMouseDown={[Function]}
    onMouseLeave={[Function]}
    onMouseUp={[Function]}
    onTouchEnd={[Function]}
    onTouchMove={[Function]}
    onTouchStart={[Function]}
    tabIndex={0}
    type="button"
  >
    <div
      className="MuiCardMedia-root"
      style={
        Object {
          "backgroundImage": "url(\\"image\\")",
        }
      }
      title=""
    />
    <div
      className="MuiCardContent-root"
    >
      <h2
        className="MuiTypography-root MuiTypography-h5 MuiTypography-gutterBottom"
      >
        FalconSat #1
      </h2>
      <div
        className="MuiTypography-root MuiTypography-body2 MuiTypography-colorTextSecondary"
      >
        <p>
          Launch Year: 2006
        </p>
        <p>
          Successful Launch: false
        </p>
      </div>
    </div>
    <span
      className="MuiCardActionArea-focusHighlight"
    />
  </button>
</div>
`;
